
> cucaai@0.1.0 build
> next build

Ôû▓ Next.js 16.1.6 (Turbopack)
- Environments: .env.local

  Creating an optimized production build ...
node.exe : 
No C:\Program 
Files\nodejs\npm.ps1:29 
caractere:3
+   & $NODE_EXE 
$NPM_CLI_JS $args
+   ~~~~~~~~~~~~~~~~~~~~
~~~~~~~~~
    + CategoryInfo      
        : NotSpecified: 
(:St    ring) [], 
RemoteExcept    ion
    + 
FullyQualifiedErrorI    
d : NativeCommandError
 
> Build error occurred
Error: Turbopack build 
failed with 1 errors:
./src/proxy.ts
Proxy is missing 
expected function 
export name
This function is what 
Next.js runs for every 
request handled by this 
proxy (previously 
called middleware).

Why this happens:
- You are migrating 
from `middleware` to 
`proxy`, but haven't 
updated the exported 
function.
- The file exists but 
doesn't export a 
function.
- The export is not a 
function (e.g., an 
object or constant).
- There's a syntax 
error preventing the 
export from being 
recognized.

To fix it:
- Ensure this file has 
either a default or 
"proxy" function export.

Learn more: https://next
js.org/docs/messages/mid
dleware-to-proxy


    at ignore-listed 
frames
